// Vitest Snapshot v1, https://vitest.dev/guide/snapshot.html

exports[`MonacoDiffEditor > renders a MonacoDiffEditor component 1`] = `"<div style=\\"display: flex; position: relative; text-align: initial; width: 100%; height: 100%;\\"><div style=\\"display: flex; height: 100%; width: 100%; justify-content: center; align-items: center;\\">Loadingâ€¦</div><div style=\\"width: 100%;\\"></div></div>"`;
